// Jest Snapshot v1, https://goo.gl/fbAQLP

exports[`PageCategory renders correctly 1`] = `
Array [
  <header
    style={
      Object {
        "background": "rebeccapurple",
      }
    }
  >
    <div
      style={
        Object {
          "margin": "0 auto",
          "maxWidth": 960,
          "padding": "1.45rem 1.0875rem",
        }
      }
    >
      <h1
        style={
          Object {
            "margin": 0,
          }
        }
      >
        <a
          href="/"
          style={
            Object {
              "color": "white",
              "textDecoration": "none",
            }
          }
        >
          asd
        </a>
      </h1>
    </div>
  </header>,
  <main
    className="main-container"
  >
    <section
      className="ant-layout ant-layout-has-sider"
    >
      <aside
        className="ant-layout-sider ant-layout-sider-light"
        style={
          Object {
            "flex": "0 0 200px",
            "maxWidth": "200px",
            "minWidth": "200px",
            "width": "200px",
          }
        }
      >
        <div
          className="ant-layout-sider-children"
        >
          <ul
            className="ant-menu ant-menu-light ant-menu-root ant-menu-inline"
            onMouseEnter={[Function]}
            onTransitionEnd={[Function]}
            role="menu"
            style={Object {}}
          >
            <li
              className="ant-menu-item ant-menu-item-only-child"
              onClick={[Function]}
              onMouseEnter={[Function]}
              onMouseLeave={[Function]}
              role="menuitem"
              style={
                Object {
                  "paddingLeft": 24,
                }
              }
            >
              <a
                href="/"
              >
                Главная страница
              </a>
            </li>
            <li
              className="ant-menu-item ant-menu-item-only-child"
              onClick={[Function]}
              onMouseEnter={[Function]}
              onMouseLeave={[Function]}
              role="menuitem"
              style={
                Object {
                  "display": "flex",
                  "flexDirection": "column",
                  "paddingLeft": 24,
                }
              }
            >
              <a
                href="/adidas"
              >
                Adiads
              </a>
            </li>
            <li
              className="ant-menu-item ant-menu-item-only-child"
              onClick={[Function]}
              onMouseEnter={[Function]}
              onMouseLeave={[Function]}
              role="menuitem"
              style={
                Object {
                  "display": "flex",
                  "flexDirection": "column",
                  "paddingLeft": 24,
                }
              }
            >
              <a
                href="/cat"
              >
                Cat man
              </a>
            </li>
          </ul>
        </div>
      </aside>
      <section
        className="ant-layout site-layout"
      >
        <main
          className="ant-layout-content"
          style={
            Object {
              "margin": "24px 16px",
              "minHeight": 280,
              "padding": 24,
            }
          }
        >
          <ul
            className="ant-pagination"
            style={Object {}}
            unselectable="unselectable"
          >
            <li
              aria-disabled={true}
              className="ant-pagination-prev ant-pagination-disabled"
              onClick={[Function]}
              onKeyPress={[Function]}
              tabIndex={null}
              title="Previous Page"
            >
              <button
                className="ant-pagination-item-link"
                disabled={true}
                tabIndex={-1}
                type="button"
              >
                <span
                  aria-label="left"
                  className="anticon anticon-left"
                  role="img"
                >
                  <svg
                    aria-hidden="true"
                    className=""
                    data-icon="left"
                    fill="currentColor"
                    focusable="false"
                    height="1em"
                    viewBox="64 64 896 896"
                    width="1em"
                  >
                    <path
                      d="M724 218.3V141c0-6.7-7.7-10.4-12.9-6.3L260.3 486.8a31.86 31.86 0 000 50.3l450.8 352.1c5.3 4.1 12.9.4 12.9-6.3v-77.3c0-4.9-2.3-9.6-6.1-12.6l-360-281 360-281.1c3.8-3 6.1-7.7 6.1-12.6z"
                    />
                  </svg>
                </span>
              </button>
            </li>
            <li
              className="ant-pagination-item ant-pagination-item-1 ant-pagination-item-active"
              onClick={[Function]}
              onKeyPress={[Function]}
              tabIndex="0"
              title={1}
            >
              <a>
                1
              </a>
            </li>
            <li
              className="ant-pagination-item ant-pagination-item-2"
              onClick={[Function]}
              onKeyPress={[Function]}
              tabIndex="0"
              title={2}
            >
              <a>
                2
              </a>
            </li>
            <li
              className="ant-pagination-item ant-pagination-item-3"
              onClick={[Function]}
              onKeyPress={[Function]}
              tabIndex="0"
              title={3}
            >
              <a>
                3
              </a>
            </li>
            <li
              className="ant-pagination-item ant-pagination-item-4"
              onClick={[Function]}
              onKeyPress={[Function]}
              tabIndex="0"
              title={4}
            >
              <a>
                4
              </a>
            </li>
            <li
              aria-disabled={false}
              className="ant-pagination-next"
              onClick={[Function]}
              onKeyPress={[Function]}
              tabIndex={0}
              title="Next Page"
            >
              <button
                className="ant-pagination-item-link"
                disabled={false}
                tabIndex={-1}
                type="button"
              >
                <span
                  aria-label="right"
                  className="anticon anticon-right"
                  role="img"
                >
                  <svg
                    aria-hidden="true"
                    className=""
                    data-icon="right"
                    fill="currentColor"
                    focusable="false"
                    height="1em"
                    viewBox="64 64 896 896"
                    width="1em"
                  >
                    <path
                      d="M765.7 486.8L314.9 134.7A7.97 7.97 0 00302 141v77.3c0 4.9 2.3 9.6 6.1 12.6l360 281.1-360 281.1c-3.9 3-6.1 7.7-6.1 12.6V883c0 6.7 7.7 10.4 12.9 6.3l450.8-352.1a31.96 31.96 0 000-50.4z"
                    />
                  </svg>
                </span>
              </button>
            </li>
          </ul>
          <div>
            <div>
              <img
                alt=""
                className="img-preview"
                src="http://lorempixel.com/460/230/transport/3/"
              />
            </div>
            <div>
              Марка: 
              BMW
            </div>
            <div>
              Модель: 
              BMW X5 II 30i
            </div>
            <a
              href="/bmw/bmw-x5-ii-30i"
            >
              Узнать больше...
            </a>
            <hr
              style={
                Object {
                  "marginBottom": "24px",
                  "marginTop": "8px",
                }
              }
            />
          </div>
          <div>
            <div>
              <img
                alt=""
                className="img-preview"
                src="http://lorempixel.com/460/230/transport/1/"
              />
            </div>
            <div>
              Марка: 
              BMW
            </div>
            <div>
              Модель: 
              BMW X1 E84
            </div>
            <a
              href="/bmw/bmw-x1-e84"
            >
              Узнать больше...
            </a>
            <hr
              style={
                Object {
                  "marginBottom": "24px",
                  "marginTop": "8px",
                }
              }
            />
          </div>
        </main>
      </section>
    </section>
  </main>,
  <footer>
    © 
    2020
    , Built with
     
    <a
      href="https://www.gatsbyjs.org"
    >
      Gatsby
    </a>
  </footer>,
]
`;
